Array
(
    [id] => https://openalex.org/I874386039
    [ror] => https://ror.org/01tjs6929
    [display_name] => Universidad Nacional de La Plata
    [relevance_score] => 96070.19
    [country_code] => AR
    [type] => funder
    [type_id] => https://openalex.org/institution-types/funder
    [lineage] => Array
        (
            [0] => https://openalex.org/I874386039
        )

    [homepage_url] => http://www.unlp.edu.ar/
    [image_url] => https://commons.wikimedia.org/w/index.php?title=Special:Redirect/file/Unlp%20marca%20escudo.png
    [image_thumbnail_url] => https://commons.wikimedia.org/w/index.php?title=Special:Redirect/file/Unlp%20marca%20escudo.png&width=300
    [display_name_acronyms] => Array
        (
            [0] => UNLP
        )

    [display_name_alternatives] => Array
        (
            [0] => Université nationale de la plata
            [1] => National University of La Plata
        )

    [repositories] => Array
        (
            [0] => Array
                (
                    [id] => https://openalex.org/S4306400803
                    [display_name] => El Servicio de Difusión de la Creación Intelectual (National University of La Plata)
                    [host_organization] => https://openalex.org/I874386039
                    [host_organization_name] => Universidad Nacional de La Plata
                    [host_organization_lineage] => Array
                        (
                            [0] => https://openalex.org/I874386039
                        )

                )

            [1] => Array
                (
                    [id] => https://openalex.org/S4377196550
                    [display_name] => FAHCE-UNLP Institutional Repository Academic Memory (National University of La Plata)
                    [host_organization] => https://openalex.org/I874386039
                    [host_organization_name] => Universidad Nacional de La Plata
                    [host_organization_lineage] => Array
                        (
                            [0] => https://openalex.org/I874386039
                        )

                )

            [2] => Array
                (
                    [id] => https://openalex.org/S4377196713
                    [display_name] => Mundo Agrario (National University of La Plata)
                    [host_organization] => https://openalex.org/I874386039
                    [host_organization_name] => Universidad Nacional de La Plata
                    [host_organization_lineage] => Array
                        (
                            [0] => https://openalex.org/I874386039
                        )

                )

            [3] => Array
                (
                    [id] => https://openalex.org/S4377196919
                    [display_name] => Precapitalist Societies (National University of La Plata)
                    [host_organization] => https://openalex.org/I874386039
                    [host_organization_name] => Universidad Nacional de La Plata
                    [host_organization_lineage] => Array
                        (
                            [0] => https://openalex.org/I874386039
                        )

                )

            [4] => Array
                (
                    [id] => https://openalex.org/S4377196549
                    [display_name] => Naturalis (National University of La Plata)
                    [host_organization] => https://openalex.org/I874386039
                    [host_organization_name] => Universidad Nacional de La Plata
                    [host_organization_lineage] => Array
                        (
                            [0] => https://openalex.org/I874386039
                        )

                )

        )

    [works_count] => 51222
    [cited_by_count] => 747616
    [summary_stats] => Array
        (
            [2yr_mean_citedness] => 1.5283637108335
            [h_index] => 241
            [i10_index] => 15591
        )

    [ids] => Array
        (
            [openalex] => https://openalex.org/I874386039
            [ror] => https://ror.org/01tjs6929
            [mag] => 874386039
            [grid] => grid.9499.d
            [wikipedia] => https://en.wikipedia.org/wiki/National%20University%20of%20La%20Plata
            [wikidata] => https://www.wikidata.org/wiki/Q784171
        )

    [geo] => Array
        (
            [city] => La Plata
            [geonames_city_id] => 3432043
            [region] => 
            [country_code] => AR
            [country] => Argentina
            [latitude] => -34.92126
            [longitude] => -57.95442
        )

    [international] => Array
        (
            [display_name] => Array
                (
                    [ar] => جامعة لا بلاتا الوطنية
                    [arz] => جامعة لابلاتا الوطنيه
                    [ast] => Universidá Nacional de La Plata
                    [az] => La Plata Milli Universiteti
                    [be] => Нацыянальны ўніверсітэт Ла-Платы
                    [bg] => Национален университет на Ла Плата
                    [ca] => Universitat Nacional de La Plata
                    [cs] => Národní univerzita La Plata
                    [cy] => Universidad Nacional de La Plata
                    [da] => national universitet af La Plata
                    [de] => Universidad Nacional de La Plata
                    [el] => Εθνικό Πανεπιστήμιο της Λα Πλάτα
                    [en] => National University of La Plata
                    [eo] => Nacia Universitato La Plata
                    [es] => Universidad Nacional de La Plata
                    [eu] => La Platako Unibertsitate Nazionala
                    [fr] => université nationale de La Plata
                    [ga] => Ollscoil Náisiúnta La Plata
                    [gl] => Universidade Nacional de La Plata
                    [he] => האוניברסיטה הלאומית של לה פלאטה
                    [hy] => Լա Պլատայի ազգային համալսարան
                    [id] => Universitas Nasional La Plata
                    [it] => Università Nazionale di La Plata
                    [ja] => ラプラタ国立大学
                    [ka] => ლა-პლატის ეროვნული უნივერსიტეტი
                    [kk] => Ла-Плата ұлттық университеті
                    [ko] => 라플라타 국립 대학교
                    [la] => Universitas Nationalis Platensis
                    [lb] => Nationaluniversitéit vu La Plata
                    [nb] => Universidad Nacional de La Plata
                    [nl] => Nationale Universiteit van La Plata
                    [pl] => Universidad Nacional de La Plata
                    [pt] => Universidade Nacional de La Plata
                    [ro] => Universitatea Națională din La Plata
                    [ru] => Национальный университет Ла-Платы
                    [sl] => Državna univerza v La Plati
                    [sv] => Universidad Nacional de La Plata
                    [th] => มหาวิทยาลัยแห่งชาติลาปลาตา
                    [tl] => Pambansang Unibersidad ng La Plata
                    [tr] => Ulusal La Plata Üniversitesi
                    [uk] => Національний університет Ла-Плати
                    [zh] => 拉普拉塔大學
                    [zh-cn] => 国立拉普拉塔大学
                    [zh-hans] => 国立拉普拉塔大学
                    [zh-hant] => 國立拉普拉塔大學
                )

        )

    [associated_institutions] => Array
        (
            [0] => Array
                (
                    [id] => https://openalex.org/I4210106698
                    [ror] => https://ror.org/018gb4016
                    [display_name] => Biochemistry Research Institute of La Plata
                    [country_code] => AR
                    [type] => nonprofit
                    [relationship] => child
                )

            [1] => Array
                (
                    [id] => https://openalex.org/I4400008973
                    [ror] => https://ror.org/0287zzv25
                    [display_name] => Centro Interdisciplinario de Estudios Complejos
                    [country_code] => 
                    [type] => facility
                    [relationship] => child
                )

            [2] => Array
                (
                    [id] => https://openalex.org/I4210152408
                    [ror] => https://ror.org/04ebzxq58
                    [display_name] => Centro de Investigaciones Cardiovasculares
                    [country_code] => AR
                    [type] => facility
                    [relationship] => child
                )

            [3] => Array
                (
                    [id] => https://openalex.org/I4210098223
                    [ror] => https://ror.org/0117z7d66
                    [display_name] => Centro de Investigaciones en Tecnologia de Pinturas
                    [country_code] => AR
                    [type] => facility
                    [relationship] => child
                )

            [4] => Array
                (
                    [id] => https://openalex.org/I4210157909
                    [ror] => https://ror.org/04v30e006
                    [display_name] => Centro de Investigación y Desarrollo en Criotecnología de Alimentos
                    [country_code] => AR
                    [type] => facility
                    [relationship] => child
                )

            [5] => Array
                (
                    [id] => https://openalex.org/I4210165869
                    [ror] => https://ror.org/05p6vdy67
                    [display_name] => Instituto Multidisciplinario de Biología Celular
                    [country_code] => AR
                    [type] => facility
                    [relationship] => child
                )

            [6] => Array
                (
                    [id] => https://openalex.org/I4402554105
                    [ror] => https://ror.org/04sw7nr96
                    [display_name] => Instituto de Astrofísica de La Plata
                    [country_code] => 
                    [type] => facility
                    [relationship] => child
                )

            [7] => Array
                (
                    [id] => https://openalex.org/I4210155284
                    [ror] => https://ror.org/057zmmf60
                    [display_name] => Instituto de Biotecnología y Biología Molecular
                    [country_code] => AR
                    [type] => facility
                    [relationship] => child
                )

            [8] => Array
                (
                    [id] => https://openalex.org/I4411590932
                    [ror] => https://ror.org/04dkjtk04
                    [display_name] => Instituto de Cultura Jurídica
                    [country_code] => 
                    [type] => education
                    [relationship] => child
                )

            [9] => Array
                (
                    [id] => https://openalex.org/I4210126377
                    [ror] => https://ror.org/030qxdf23
                    [display_name] => Instituto de Fisica de Liquidos y Sistemas Biologicos
                    [country_code] => AR
                    [type] => facility
                    [relationship] => child
                )

            [10] => Array
                (
                    [id] => https://openalex.org/I4210095555
                    [ror] => https://ror.org/00k3smk02
                    [display_name] => Instituto de Fisiología Vegetal
                    [country_code] => AR
                    [type] => facility
                    [relationship] => child
                )

            [11] => Array
                (
                    [id] => https://openalex.org/I4210109836
                    [ror] => https://ror.org/01pmtm379
                    [display_name] => Instituto de Física La Plata
                    [country_code] => AR
                    [type] => facility
                    [relationship] => child
                )

            [12] => Array
                (
                    [id] => https://openalex.org/I4210164013
                    [ror] => https://ror.org/05fvszr38
                    [display_name] => Instituto de Genética Veterinaria
                    [country_code] => AR
                    [type] => facility
                    [relationship] => child
                )

            [13] => Array
                (
                    [id] => https://openalex.org/I4210120094
                    [ror] => https://ror.org/02t6gq889
                    [display_name] => Instituto de Investigaciones Fisicoquímicas Teóricas y Aplicadas
                    [country_code] => AR
                    [type] => education
                    [relationship] => child
                )

            [14] => Array
                (
                    [id] => https://openalex.org/I4411590627
                    [ror] => https://ror.org/03e2dsv41
                    [display_name] => Instituto de Investigaciones en Humanidades y Ciencias Sociales
                    [country_code] => 
                    [type] => education
                    [relationship] => child
                )

            [15] => Array
                (
                    [id] => https://openalex.org/I4400008998
                    [ror] => https://ror.org/02raxsg56
                    [display_name] => Instituto de Investigaciones y Políticas del Ambiente Construido (IIPAC)
                    [country_code] => 
                    [type] => facility
                    [relationship] => child
                )

            [16] => Array
                (
                    [id] => https://openalex.org/I4400008894
                    [ror] => https://ror.org/049hngf66
                    [display_name] => Laboratorio de Planificación y Gestión Estratégica
                    [country_code] => 
                    [type] => facility
                    [relationship] => child
                )

            [17] => Array
                (
                    [id] => https://openalex.org/I4210138160
                    [ror] => https://ror.org/03qan4b12
                    [display_name] => Centro Científico Tecnológico - La Plata
                    [country_code] => AR
                    [type] => facility
                    [relationship] => related
                )

        )

    [counts_by_year] => Array
        (
            [0] => Array
                (
                    [year] => 2025
                    [works_count] => 694
                    [oa_works_count] => 220
                    [cited_by_count] => 34316
                )

            [1] => Array
                (
                    [year] => 2024
                    [works_count] => 1815
                    [oa_works_count] => 1159
                    [cited_by_count] => 54589
                )

            [2] => Array
                (
                    [year] => 2023
                    [works_count] => 2469
                    [oa_works_count] => 1820
                    [cited_by_count] => 58663
                )

            [3] => Array
                (
                    [year] => 2022
                    [works_count] => 2414
                    [oa_works_count] => 1711
                    [cited_by_count] => 55495
                )

            [4] => Array
                (
                    [year] => 2021
                    [works_count] => 2867
                    [oa_works_count] => 1915
                    [cited_by_count] => 61237
                )

            [5] => Array
                (
                    [year] => 2020
                    [works_count] => 3187
                    [oa_works_count] => 2028
                    [cited_by_count] => 54882
                )

            [6] => Array
                (
                    [year] => 2019
                    [works_count] => 2866
                    [oa_works_count] => 1755
                    [cited_by_count] => 48170
                )

            [7] => Array
                (
                    [year] => 2018
                    [works_count] => 2626
                    [oa_works_count] => 1724
                    [cited_by_count] => 43323
                )

            [8] => Array
                (
                    [year] => 2017
                    [works_count] => 2555
                    [oa_works_count] => 1689
                    [cited_by_count] => 39424
                )

            [9] => Array
                (
                    [year] => 2016
                    [works_count] => 2309
                    [oa_works_count] => 1344
                    [cited_by_count] => 37995
                )

            [10] => Array
                (
                    [year] => 2015
                    [works_count] => 2214
                    [oa_works_count] => 1337
                    [cited_by_count] => 34956
                )

            [11] => Array
                (
                    [year] => 2014
                    [works_count] => 2094
                    [oa_works_count] => 1263
                    [cited_by_count] => 30470
                )

            [12] => Array
                (
                    [year] => 2013
                    [works_count] => 1951
                    [oa_works_count] => 1135
                    [cited_by_count] => 28448
                )

            [13] => Array
                (
                    [year] => 2012
                    [works_count] => 2023
                    [oa_works_count] => 971
                    [cited_by_count] => 25475
                )

        )

    [roles] => Array
        (
            [0] => Array
                (
                    [role] => funder
                    [id] => https://openalex.org/F4320322227
                    [works_count] => 2418
                )

            [1] => Array
                (
                    [role] => institution
                    [id] => https://openalex.org/I874386039
                    [works_count] => 51222
                )

            [2] => Array
                (
                    [role] => publisher
                    [id] => https://openalex.org/P4310318145
                    [works_count] => 9973
                )

        )

    [topics] => Array
        (
            [0] => Array
                (
                    [id] => https://openalex.org/T10048
                    [display_name] => Particle physics theoretical and experimental studies
                    [count] => 1701
                    [subfield] => Array
                        (
                            [id] => https://openalex.org/subfields/3106
                            [display_name] => Nuclear and High Energy Physics
                        )

                    [field] => Array
                        (
                            [id] => https://openalex.org/fields/31
                            [display_name] => Physics and Astronomy
                        )

                    [domain] => Array
                        (
                            [id] => https://openalex.org/domains/3
                            [display_name] => Physical Sciences
                        )

                )

            [1] => Array
                (
                    [id] => https://openalex.org/T10527
                    [display_name] => High-Energy Particle Collisions Research
                    [count] => 1210
                    [subfield] => Array
                        (
                            [id] => https://openalex.org/subfields/3106
                            [display_name] => Nuclear and High Energy Physics
                        )

                    [field] => Array
                        (
                            [id] => https://openalex.org/fields/31
                            [display_name] => Physics and Astronomy
                        )

                    [domain] => Array
                        (
                            [id] => https://openalex.org/domains/3
                            [display_name] => Physical Sciences
                        )

                )

            [2] => Array
                (
                    [id] => https://openalex.org/T11354
                    [display_name] => Evolution and Paleontology Studies
                    [count] => 1208
                    [subfield] => Array
                        (
                            [id] => https://openalex.org/subfields/1911
                            [display_name] => Paleontology
                        )

                    [field] => Array
                        (
                            [id] => https://openalex.org/fields/19
                            [display_name] => Earth and Planetary Sciences
                        )

                    [domain] => Array
                        (
                            [id] => https://openalex.org/domains/3
                            [display_name] => Physical Sciences
                        )

                )

            [3] => Array
                (
                    [id] => https://openalex.org/T10039
                    [display_name] => Stellar, planetary, and galactic studies
                    [count] => 1192
                    [subfield] => Array
                        (
                            [id] => https://openalex.org/subfields/3103
                            [display_name] => Astronomy and Astrophysics
                        )

                    [field] => Array
                        (
                            [id] => https://openalex.org/fields/31
                            [display_name] => Physics and Astronomy
                        )

                    [domain] => Array
                        (
                            [id] => https://openalex.org/domains/3
                            [display_name] => Physical Sciences
                        )

                )

            [4] => Array
                (
                    [id] => https://openalex.org/T12609
                    [display_name] => Latin American socio-political dynamics
                    [count] => 989
                    [subfield] => Array
                        (
                            [id] => https://openalex.org/subfields/3312
                            [display_name] => Sociology and Political Science
                        )

                    [field] => Array
                        (
                            [id] => https://openalex.org/fields/33
                            [display_name] => Social Sciences
                        )

                    [domain] => Array
                        (
                            [id] => https://openalex.org/domains/2
                            [display_name] => Social Sciences
                        )

                )

            [5] => Array
                (
                    [id] => https://openalex.org/T10224
                    [display_name] => Quantum Chromodynamics and Particle Interactions
                    [count] => 949
                    [subfield] => Array
                        (
                            [id] => https://openalex.org/subfields/3106
                            [display_name] => Nuclear and High Energy Physics
                        )

                    [field] => Array
                        (
                            [id] => https://openalex.org/fields/31
                            [display_name] => Physics and Astronomy
                        )

                    [domain] => Array
                        (
                            [id] => https://openalex.org/domains/3
                            [display_name] => Physical Sciences
                        )

                )

            [6] => Array
                (
                    [id] => https://openalex.org/T12493
                    [display_name] => Memory, violence, and history
                    [count] => 870
                    [subfield] => Array
                        (
                            [id] => https://openalex.org/subfields/3207
                            [display_name] => Social Psychology
                        )

                    [field] => Array
                        (
                            [id] => https://openalex.org/fields/32
                            [display_name] => Psychology
                        )

                    [domain] => Array
                        (
                            [id] => https://openalex.org/domains/2
                            [display_name] => Social Sciences
                        )

                )

            [7] => Array
                (
                    [id] => https://openalex.org/T12036
                    [display_name] => Argentine historical studies
                    [count] => 806
                    [subfield] => Array
                        (
                            [id] => https://openalex.org/subfields/3316
                            [display_name] => Cultural Studies
                        )

                    [field] => Array
                        (
                            [id] => https://openalex.org/fields/33
                            [display_name] => Social Sciences
                        )

                    [domain] => Array
                        (
                            [id] => https://openalex.org/domains/2
                            [display_name] => Social Sciences
                        )

                )

            [8] => Array
                (
                    [id] => https://openalex.org/T10477
                    [display_name] => Astrophysics and Star Formation Studies
                    [count] => 767
                    [subfield] => Array
                        (
                            [id] => https://openalex.org/subfields/3103
                            [display_name] => Astronomy and Astrophysics
                        )

                    [field] => Array
                        (
                            [id] => https://openalex.org/fields/31
                            [display_name] => Physics and Astronomy
                        )

                    [domain] => Array
                        (
                            [id] => https://openalex.org/domains/3
                            [display_name] => Physical Sciences
                        )

                )

            [9] => Array
                (
                    [id] => https://openalex.org/T10421
                    [display_name] => Pleistocene-Era Hominins and Archaeology
                    [count] => 670
                    [subfield] => Array
                        (
                            [id] => https://openalex.org/subfields/3314
                            [display_name] => Anthropology
                        )

                    [field] => Array
                        (
                            [id] => https://openalex.org/fields/33
                            [display_name] => Social Sciences
                        )

                    [domain] => Array
                        (
                            [id] => https://openalex.org/domains/2
                            [display_name] => Social Sciences
                        )

                )

            [10] => Array
                (
                    [id] => https://openalex.org/T10818
                    [display_name] => Astrophysics and Cosmic Phenomena
                    [count] => 635
                    [subfield] => Array
                        (
                            [id] => https://openalex.org/subfields/3106
                            [display_name] => Nuclear and High Energy Physics
                        )

                    [field] => Array
                        (
                            [id] => https://openalex.org/fields/31
                            [display_name] => Physics and Astronomy
                        )

                    [domain] => Array
                        (
                            [id] => https://openalex.org/domains/3
                            [display_name] => Physical Sciences
                        )

                )

            [11] => Array
                (
                    [id] => https://openalex.org/T13466
                    [display_name] => Comparative Literary Analysis and Criticism
                    [count] => 568
                    [subfield] => Array
                        (
                            [id] => https://openalex.org/subfields/1208
                            [display_name] => Literature and Literary Theory
                        )

                    [field] => Array
                        (
                            [id] => https://openalex.org/fields/12
                            [display_name] => Arts and Humanities
                        )

                    [domain] => Array
                        (
                            [id] => https://openalex.org/domains/2
                            [display_name] => Social Sciences
                        )

                )

            [12] => Array
                (
                    [id] => https://openalex.org/T13864
                    [display_name] => Indigenous Cultures and History
                    [count] => 565
                    [subfield] => Array
                        (
                            [id] => https://openalex.org/subfields/3314
                            [display_name] => Anthropology
                        )

                    [field] => Array
                        (
                            [id] => https://openalex.org/fields/33
                            [display_name] => Social Sciences
                        )

                    [domain] => Array
                        (
                            [id] => https://openalex.org/domains/2
                            [display_name] => Social Sciences
                        )

                )

            [13] => Array
                (
                    [id] => https://openalex.org/T10017
                    [display_name] => Geology and Paleoclimatology Research
                    [count] => 554
                    [subfield] => Array
                        (
                            [id] => https://openalex.org/subfields/1902
                            [display_name] => Atmospheric Science
                        )

                    [field] => Array
                        (
                            [id] => https://openalex.org/fields/19
                            [display_name] => Earth and Planetary Sciences
                        )

                    [domain] => Array
                        (
                            [id] => https://openalex.org/domains/3
                            [display_name] => Physical Sciences
                        )

                )

            [14] => Array
                (
                    [id] => https://openalex.org/T13624
                    [display_name] => Social Sciences and Policies
                    [count] => 550
                    [subfield] => Array
                        (
                            [id] => https://openalex.org/subfields/3300
                            [display_name] => General Social Sciences
                        )

                    [field] => Array
                        (
                            [id] => https://openalex.org/fields/33
                            [display_name] => Social Sciences
                        )

                    [domain] => Array
                        (
                            [id] => https://openalex.org/domains/2
                            [display_name] => Social Sciences
                        )

                )

            [15] => Array
                (
                    [id] => https://openalex.org/T10002
                    [display_name] => Advanced Chemical Physics Studies
                    [count] => 541
                    [subfield] => Array
                        (
                            [id] => https://openalex.org/subfields/3107
                            [display_name] => Atomic and Molecular Physics, and Optics
                        )

                    [field] => Array
                        (
                            [id] => https://openalex.org/fields/31
                            [display_name] => Physics and Astronomy
                        )

                    [domain] => Array
                        (
                            [id] => https://openalex.org/domains/3
                            [display_name] => Physical Sciences
                        )

                )

            [16] => Array
                (
                    [id] => https://openalex.org/T11323
                    [display_name] => Gamma-ray bursts and supernovae
                    [count] => 536
                    [subfield] => Array
                        (
                            [id] => https://openalex.org/subfields/3103
                            [display_name] => Astronomy and Astrophysics
                        )

                    [field] => Array
                        (
                            [id] => https://openalex.org/fields/31
                            [display_name] => Physics and Astronomy
                        )

                    [domain] => Array
                        (
                            [id] => https://openalex.org/domains/3
                            [display_name] => Physical Sciences
                        )

                )

            [17] => Array
                (
                    [id] => https://openalex.org/T10095
                    [display_name] => Cosmology and Gravitation Theories
                    [count] => 533
                    [subfield] => Array
                        (
                            [id] => https://openalex.org/subfields/3103
                            [display_name] => Astronomy and Astrophysics
                        )

                    [field] => Array
                        (
                            [id] => https://openalex.org/fields/31
                            [display_name] => Physics and Astronomy
                        )

                    [domain] => Array
                        (
                            [id] => https://openalex.org/domains/3
                            [display_name] => Physical Sciences
                        )

                )

            [18] => Array
                (
                    [id] => https://openalex.org/T11044
                    [display_name] => Particle Detector Development and Performance
                    [count] => 530
                    [subfield] => Array
                        (
                            [id] => https://openalex.org/subfields/3106
                            [display_name] => Nuclear and High Energy Physics
                        )

                    [field] => Array
                        (
                            [id] => https://openalex.org/fields/31
                            [display_name] => Physics and Astronomy
                        )

                    [domain] => Array
                        (
                            [id] => https://openalex.org/domains/3
                            [display_name] => Physical Sciences
                        )

                )

            [19] => Array
                (
                    [id] => https://openalex.org/T12917
                    [display_name] => Astronomy and Astrophysical Research
                    [count] => 527
                    [subfield] => Array
                        (
                            [id] => https://openalex.org/subfields/3105
                            [display_name] => Instrumentation
                        )

                    [field] => Array
                        (
                            [id] => https://openalex.org/fields/31
                            [display_name] => Physics and Astronomy
                        )

                    [domain] => Array
                        (
                            [id] => https://openalex.org/domains/3
                            [display_name] => Physical Sciences
                        )

                )

            [20] => Array
                (
                    [id] => https://openalex.org/T10025
                    [display_name] => Black Holes and Theoretical Physics
                    [count] => 525
                    [subfield] => Array
                        (
                            [id] => https://openalex.org/subfields/3106
                            [display_name] => Nuclear and High Energy Physics
                        )

                    [field] => Array
                        (
                            [id] => https://openalex.org/fields/31
                            [display_name] => Physics and Astronomy
                        )

                    [domain] => Array
                        (
                            [id] => https://openalex.org/domains/3
                            [display_name] => Physical Sciences
                        )

                )

            [21] => Array
                (
                    [id] => https://openalex.org/T10437
                    [display_name] => Educational theories and practices
                    [count] => 523
                    [subfield] => Array
                        (
                            [id] => https://openalex.org/subfields/3304
                            [display_name] => Education
                        )

                    [field] => Array
                        (
                            [id] => https://openalex.org/fields/33
                            [display_name] => Social Sciences
                        )

                    [domain] => Array
                        (
                            [id] => https://openalex.org/domains/2
                            [display_name] => Social Sciences
                        )

                )

            [22] => Array
                (
                    [id] => https://openalex.org/T13589
                    [display_name] => Literary and Cultural Studies
                    [count] => 513
                    [subfield] => Array
                        (
                            [id] => https://openalex.org/subfields/3312
                            [display_name] => Sociology and Political Science
                        )

                    [field] => Array
                        (
                            [id] => https://openalex.org/fields/33
                            [display_name] => Social Sciences
                        )

                    [domain] => Array
                        (
                            [id] => https://openalex.org/domains/2
                            [display_name] => Social Sciences
                        )

                )

            [23] => Array
                (
                    [id] => https://openalex.org/T13268
                    [display_name] => Photographic and Visual Arts
                    [count] => 506
                    [subfield] => Array
                        (
                            [id] => https://openalex.org/subfields/1209
                            [display_name] => Museology
                        )

                    [field] => Array
                        (
                            [id] => https://openalex.org/fields/12
                            [display_name] => Arts and Humanities
                        )

                    [domain] => Array
                        (
                            [id] => https://openalex.org/domains/2
                            [display_name] => Social Sciences
                        )

                )

            [24] => Array
                (
                    [id] => https://openalex.org/T12273
                    [display_name] => Latin American Urban Studies
                    [count] => 496
                    [subfield] => Array
                        (
                            [id] => https://openalex.org/subfields/3322
                            [display_name] => Urban Studies
                        )

                    [field] => Array
                        (
                            [id] => https://openalex.org/fields/33
                            [display_name] => Social Sciences
                        )

                    [domain] => Array
                        (
                            [id] => https://openalex.org/domains/2
                            [display_name] => Social Sciences
                        )

                )

        )

    [topic_share] => Array
        (
            [0] => Array
                (
                    [id] => https://openalex.org/T12036
                    [display_name] => Argentine historical studies
                    [value] => 0.026881
                    [subfield] => Array
                        (
                            [id] => https://openalex.org/subfields/3316
                            [display_name] => Cultural Studies
                        )

                    [field] => Array
                        (
                            [id] => https://openalex.org/fields/33
                            [display_name] => Social Sciences
                        )

                    [domain] => Array
                        (
                            [id] => https://openalex.org/domains/2
                            [display_name] => Social Sciences
                        )

                )

            [1] => Array
                (
                    [id] => https://openalex.org/T14284
                    [display_name] => Social Sciences and Humanities
                    [value] => 0.0217145
                    [subfield] => Array
                        (
                            [id] => https://openalex.org/subfields/3320
                            [display_name] => Political Science and International Relations
                        )

                    [field] => Array
                        (
                            [id] => https://openalex.org/fields/33
                            [display_name] => Social Sciences
                        )

                    [domain] => Array
                        (
                            [id] => https://openalex.org/domains/2
                            [display_name] => Social Sciences
                        )

                )

            [2] => Array
                (
                    [id] => https://openalex.org/T12493
                    [display_name] => Memory, violence, and history
                    [value] => 0.0167785
                    [subfield] => Array
                        (
                            [id] => https://openalex.org/subfields/3207
                            [display_name] => Social Psychology
                        )

                    [field] => Array
                        (
                            [id] => https://openalex.org/fields/32
                            [display_name] => Psychology
                        )

                    [domain] => Array
                        (
                            [id] => https://openalex.org/domains/2
                            [display_name] => Social Sciences
                        )

                )

            [3] => Array
                (
                    [id] => https://openalex.org/T12609
                    [display_name] => Latin American socio-political dynamics
                    [value] => 0.0151606
                    [subfield] => Array
                        (
                            [id] => https://openalex.org/subfields/3312
                            [display_name] => Sociology and Political Science
                        )

                    [field] => Array
                        (
                            [id] => https://openalex.org/fields/33
                            [display_name] => Social Sciences
                        )

                    [domain] => Array
                        (
                            [id] => https://openalex.org/domains/2
                            [display_name] => Social Sciences
                        )

                )

            [4] => Array
                (
                    [id] => https://openalex.org/T13390
                    [display_name] => Cultural and Social Dynamics
                    [value] => 0.0120501
                    [subfield] => Array
                        (
                            [id] => https://openalex.org/subfields/1110
                            [display_name] => Plant Science
                        )

                    [field] => Array
                        (
                            [id] => https://openalex.org/fields/11
                            [display_name] => Agricultural and Biological Sciences
                        )

                    [domain] => Array
                        (
                            [id] => https://openalex.org/domains/1
                            [display_name] => Life Sciences
                        )

                )

            [5] => Array
                (
                    [id] => https://openalex.org/T13043
                    [display_name] => Youth Culture and Social Dynamics
                    [value] => 0.0117322
                    [subfield] => Array
                        (
                            [id] => https://openalex.org/subfields/3312
                            [display_name] => Sociology and Political Science
                        )

                    [field] => Array
                        (
                            [id] => https://openalex.org/fields/33
                            [display_name] => Social Sciences
                        )

                    [domain] => Array
                        (
                            [id] => https://openalex.org/domains/2
                            [display_name] => Social Sciences
                        )

                )

            [6] => Array
                (
                    [id] => https://openalex.org/T13864
                    [display_name] => Indigenous Cultures and History
                    [value] => 0.0109843
                    [subfield] => Array
                        (
                            [id] => https://openalex.org/subfields/3314
                            [display_name] => Anthropology
                        )

                    [field] => Array
                        (
                            [id] => https://openalex.org/fields/33
                            [display_name] => Social Sciences
                        )

                    [domain] => Array
                        (
                            [id] => https://openalex.org/domains/2
                            [display_name] => Social Sciences
                        )

                )

            [7] => Array
                (
                    [id] => https://openalex.org/T14253
                    [display_name] => Latin American social science
                    [value] => 0.010821
                    [subfield] => Array
                        (
                            [id] => https://openalex.org/subfields/3312
                            [display_name] => Sociology and Political Science
                        )

                    [field] => Array
                        (
                            [id] => https://openalex.org/fields/33
                            [display_name] => Social Sciences
                        )

                    [domain] => Array
                        (
                            [id] => https://openalex.org/domains/2
                            [display_name] => Social Sciences
                        )

                )

            [8] => Array
                (
                    [id] => https://openalex.org/T12275
                    [display_name] => Gender and Feminist Studies
                    [value] => 0.0069991
                    [subfield] => Array
                        (
                            [id] => https://openalex.org/subfields/3318
                            [display_name] => Gender Studies
                        )

                    [field] => Array
                        (
                            [id] => https://openalex.org/fields/33
                            [display_name] => Social Sciences
                        )

                    [domain] => Array
                        (
                            [id] => https://openalex.org/domains/2
                            [display_name] => Social Sciences
                        )

                )

            [9] => Array
                (
                    [id] => https://openalex.org/T11354
                    [display_name] => Evolution and Paleontology Studies
                    [value] => 0.0068517
                    [subfield] => Array
                        (
                            [id] => https://openalex.org/subfields/1911
                            [display_name] => Paleontology
                        )

                    [field] => Array
                        (
                            [id] => https://openalex.org/fields/19
                            [display_name] => Earth and Planetary Sciences
                        )

                    [domain] => Array
                        (
                            [id] => https://openalex.org/domains/3
                            [display_name] => Physical Sciences
                        )

                )

            [10] => Array
                (
                    [id] => https://openalex.org/T13302
                    [display_name] => Amazonian Archaeology and Ethnohistory
                    [value] => 0.0067255
                    [subfield] => Array
                        (
                            [id] => https://openalex.org/subfields/1202
                            [display_name] => History
                        )

                    [field] => Array
                        (
                            [id] => https://openalex.org/fields/12
                            [display_name] => Arts and Humanities
                        )

                    [domain] => Array
                        (
                            [id] => https://openalex.org/domains/2
                            [display_name] => Social Sciences
                        )

                )

            [11] => Array
                (
                    [id] => https://openalex.org/T14439
                    [display_name] => Feminism, Gender, and Social Issues
                    [value] => 0.0066054
                    [subfield] => Array
                        (
                            [id] => https://openalex.org/subfields/3318
                            [display_name] => Gender Studies
                        )

                    [field] => Array
                        (
                            [id] => https://openalex.org/fields/33
                            [display_name] => Social Sciences
                        )

                    [domain] => Array
                        (
                            [id] => https://openalex.org/domains/2
                            [display_name] => Social Sciences
                        )

                )

            [12] => Array
                (
                    [id] => https://openalex.org/T13868
                    [display_name] => Afro-Latin American Studies
                    [value] => 0.0065288
                    [subfield] => Array
                        (
                            [id] => https://openalex.org/subfields/3316
                            [display_name] => Cultural Studies
                        )

                    [field] => Array
                        (
                            [id] => https://openalex.org/fields/33
                            [display_name] => Social Sciences
                        )

                    [domain] => Array
                        (
                            [id] => https://openalex.org/domains/2
                            [display_name] => Social Sciences
                        )

                )

            [13] => Array
                (
                    [id] => https://openalex.org/T13503
                    [display_name] => Gender, Health, and Social Inequality
                    [value] => 0.0063507
                    [subfield] => Array
                        (
                            [id] => https://openalex.org/subfields/3312
                            [display_name] => Sociology and Political Science
                        )

                    [field] => Array
                        (
                            [id] => https://openalex.org/fields/33
                            [display_name] => Social Sciences
                        )

                    [domain] => Array
                        (
                            [id] => https://openalex.org/domains/2
                            [display_name] => Social Sciences
                        )

                )

            [14] => Array
                (
                    [id] => https://openalex.org/T13011
                    [display_name] => Latin American rural development
                    [value] => 0.0063281
                    [subfield] => Array
                        (
                            [id] => https://openalex.org/subfields/1100
                            [display_name] => General Agricultural and Biological Sciences
                        )

                    [field] => Array
                        (
                            [id] => https://openalex.org/fields/11
                            [display_name] => Agricultural and Biological Sciences
                        )

                    [domain] => Array
                        (
                            [id] => https://openalex.org/domains/1
                            [display_name] => Life Sciences
                        )

                )

            [15] => Array
                (
                    [id] => https://openalex.org/T14033
                    [display_name] => Education in Rural Contexts
                    [value] => 0.0060772
                    [subfield] => Array
                        (
                            [id] => https://openalex.org/subfields/3304
                            [display_name] => Education
                        )

                    [field] => Array
                        (
                            [id] => https://openalex.org/fields/33
                            [display_name] => Social Sciences
                        )

                    [domain] => Array
                        (
                            [id] => https://openalex.org/domains/2
                            [display_name] => Social Sciences
                        )

                )

            [16] => Array
                (
                    [id] => https://openalex.org/T10955
                    [display_name] => Paleontology and Evolutionary Biology
                    [value] => 0.0058099
                    [subfield] => Array
                        (
                            [id] => https://openalex.org/subfields/1911
                            [display_name] => Paleontology
                        )

                    [field] => Array
                        (
                            [id] => https://openalex.org/fields/19
                            [display_name] => Earth and Planetary Sciences
                        )

                    [domain] => Array
                        (
                            [id] => https://openalex.org/domains/3
                            [display_name] => Physical Sciences
                        )

                )

            [17] => Array
                (
                    [id] => https://openalex.org/T13268
                    [display_name] => Photographic and Visual Arts
                    [value] => 0.0056999
                    [subfield] => Array
                        (
                            [id] => https://openalex.org/subfields/1209
                            [display_name] => Museology
                        )

                    [field] => Array
                        (
                            [id] => https://openalex.org/fields/12
                            [display_name] => Arts and Humanities
                        )

                    [domain] => Array
                        (
                            [id] => https://openalex.org/domains/2
                            [display_name] => Social Sciences
                        )

                )

            [18] => Array
                (
                    [id] => https://openalex.org/T13427
                    [display_name] => Latin American Literature Analysis
                    [value] => 0.0056807
                    [subfield] => Array
                        (
                            [id] => https://openalex.org/subfields/1208
                            [display_name] => Literature and Literary Theory
                        )

                    [field] => Array
                        (
                            [id] => https://openalex.org/fields/12
                            [display_name] => Arts and Humanities
                        )

                    [domain] => Array
                        (
                            [id] => https://openalex.org/domains/2
                            [display_name] => Social Sciences
                        )

                )

            [19] => Array
                (
                    [id] => https://openalex.org/T13814
                    [display_name] => Cultural and political discourse analysis
                    [value] => 0.0054446
                    [subfield] => Array
                        (
                            [id] => https://openalex.org/subfields/3310
                            [display_name] => Linguistics and Language
                        )

                    [field] => Array
                        (
                            [id] => https://openalex.org/fields/33
                            [display_name] => Social Sciences
                        )

                    [domain] => Array
                        (
                            [id] => https://openalex.org/domains/2
                            [display_name] => Social Sciences
                        )

                )

            [20] => Array
                (
                    [id] => https://openalex.org/T12261
                    [display_name] => Statistical Mechanics and Entropy
                    [value] => 0.0052405
                    [subfield] => Array
                        (
                            [id] => https://openalex.org/subfields/3109
                            [display_name] => Statistical and Nonlinear Physics
                        )

                    [field] => Array
                        (
                            [id] => https://openalex.org/fields/31
                            [display_name] => Physics and Astronomy
                        )

                    [domain] => Array
                        (
                            [id] => https://openalex.org/domains/3
                            [display_name] => Physical Sciences
                        )

                )

            [21] => Array
                (
                    [id] => https://openalex.org/T13687
                    [display_name] => Extractivism and Socioeconomic Issues
                    [value] => 0.0052019
                    [subfield] => Array
                        (
                            [id] => https://openalex.org/subfields/3312
                            [display_name] => Sociology and Political Science
                        )

                    [field] => Array
                        (
                            [id] => https://openalex.org/fields/33
                            [display_name] => Social Sciences
                        )

                    [domain] => Array
                        (
                            [id] => https://openalex.org/domains/2
                            [display_name] => Social Sciences
                        )

                )

            [22] => Array
                (
                    [id] => https://openalex.org/T13078
                    [display_name] => Political and Social Dynamics in Chile and Latin America
                    [value] => 0.0048132
                    [subfield] => Array
                        (
                            [id] => https://openalex.org/subfields/3312
                            [display_name] => Sociology and Political Science
                        )

                    [field] => Array
                        (
                            [id] => https://openalex.org/fields/33
                            [display_name] => Social Sciences
                        )

                    [domain] => Array
                        (
                            [id] => https://openalex.org/domains/2
                            [display_name] => Social Sciences
                        )

                )

            [23] => Array
                (
                    [id] => https://openalex.org/T12498
                    [display_name] => Latin American Cultural Politics
                    [value] => 0.0045878
                    [subfield] => Array
                        (
                            [id] => https://openalex.org/subfields/3314
                            [display_name] => Anthropology
                        )

                    [field] => Array
                        (
                            [id] => https://openalex.org/fields/33
                            [display_name] => Social Sciences
                        )

                    [domain] => Array
                        (
                            [id] => https://openalex.org/domains/2
                            [display_name] => Social Sciences
                        )

                )

            [24] => Array
                (
                    [id] => https://openalex.org/T10527
                    [display_name] => High-Energy Particle Collisions Research
                    [value] => 0.004574
                    [subfield] => Array
                        (
                            [id] => https://openalex.org/subfields/3106
                            [display_name] => Nuclear and High Energy Physics
                        )

                    [field] => Array
                        (
                            [id] => https://openalex.org/fields/31
                            [display_name] => Physics and Astronomy
                        )

                    [domain] => Array
                        (
                            [id] => https://openalex.org/domains/3
                            [display_name] => Physical Sciences
                        )

                )

        )

    [x_concepts] => Array
        (
            [0] => Array
                (
                    [id] => https://openalex.org/C86803240
                    [wikidata] => https://www.wikidata.org/wiki/Q420
                    [display_name] => Biology
                    [level] => 0
                    [score] => 47.8
                )

            [1] => Array
                (
                    [id] => https://openalex.org/C121332964
                    [wikidata] => https://www.wikidata.org/wiki/Q413
                    [display_name] => Physics
                    [level] => 0
                    [score] => 40.5
                )

            [2] => Array
                (
                    [id] => https://openalex.org/C138885662
                    [wikidata] => https://www.wikidata.org/wiki/Q5891
                    [display_name] => Philosophy
                    [level] => 0
                    [score] => 37.7
                )

            [3] => Array
                (
                    [id] => https://openalex.org/C185592680
                    [wikidata] => https://www.wikidata.org/wiki/Q2329
                    [display_name] => Chemistry
                    [level] => 0
                    [score] => 34.5
                )

            [4] => Array
                (
                    [id] => https://openalex.org/C142362112
                    [wikidata] => https://www.wikidata.org/wiki/Q735
                    [display_name] => Art
                    [level] => 0
                    [score] => 33.6
                )

            [5] => Array
                (
                    [id] => https://openalex.org/C15708023
                    [wikidata] => https://www.wikidata.org/wiki/Q80083
                    [display_name] => Humanities
                    [level] => 1
                    [score] => 29.9
                )

            [6] => Array
                (
                    [id] => https://openalex.org/C62520636
                    [wikidata] => https://www.wikidata.org/wiki/Q944
                    [display_name] => Quantum mechanics
                    [level] => 1
                    [score] => 28.3
                )

            [7] => Array
                (
                    [id] => https://openalex.org/C71924100
                    [wikidata] => https://www.wikidata.org/wiki/Q11190
                    [display_name] => Medicine
                    [level] => 0
                    [score] => 24.6
                )

            [8] => Array
                (
                    [id] => https://openalex.org/C41008148
                    [wikidata] => https://www.wikidata.org/wiki/Q21198
                    [display_name] => Computer science
                    [level] => 0
                    [score] => 24.5
                )

            [9] => Array
                (
                    [id] => https://openalex.org/C127313418
                    [wikidata] => https://www.wikidata.org/wiki/Q1069
                    [display_name] => Geology
                    [level] => 0
                    [score] => 23.1
                )

            [10] => Array
                (
                    [id] => https://openalex.org/C205649164
                    [wikidata] => https://www.wikidata.org/wiki/Q1071
                    [display_name] => Geography
                    [level] => 0
                    [score] => 22.4
                )

            [11] => Array
                (
                    [id] => https://openalex.org/C178790620
                    [wikidata] => https://www.wikidata.org/wiki/Q11351
                    [display_name] => Organic chemistry
                    [level] => 1
                    [score] => 21.9
                )

            [12] => Array
                (
                    [id] => https://openalex.org/C127413603
                    [wikidata] => https://www.wikidata.org/wiki/Q11023
                    [display_name] => Engineering
                    [level] => 0
                    [score] => 20.9
                )

            [13] => Array
                (
                    [id] => https://openalex.org/C55493867
                    [wikidata] => https://www.wikidata.org/wiki/Q7094
                    [display_name] => Biochemistry
                    [level] => 1
                    [score] => 20.9
                )

        )

    [is_super_system] => 
    [works_api_url] => https://api.openalex.org/works?filter=institutions.id:I874386039
    [updated_date] => 2025-10-06T12:44:52.013798
    [created_date] => 2016-06-24
)
